<?php return array (
  0 => 'Symfony\\Bundle\\FrameworkBundle\\Controller\\AbstractController',
  1 => 'App\\Controller\\AbonnementController',
  2 => 'App\\Controller\\AdminController',
  3 => 'App\\Controller\\CategorieController',
  4 => 'App\\Controller\\CommandeController',
  5 => 'App\\Controller\\CommentController',
  6 => 'App\\Controller\\CoursController',
  7 => 'App\\Controller\\DashboardController',
  8 => 'App\\Controller\\EmailController',
  9 => 'App\\Controller\\EvenementController',
  10 => 'App\\Controller\\HomeController',
  11 => 'App\\Controller\\ParticipationController',
  12 => 'App\\Controller\\PaymentController',
  13 => 'App\\Controller\\QuestionFirasController',
  14 => 'App\\Controller\\QuestionsAdminController',
  15 => 'App\\Controller\\QuestionsController',
  16 => 'App\\Controller\\QuizzAdminController',
  17 => 'App\\Controller\\QuizzController',
  18 => 'App\\Controller\\QuizzEnfantController',
  19 => 'App\\Controller\\RegistrationController',
  20 => 'App\\Controller\\ReponseFirasController',
  21 => 'App\\Controller\\ResetPasswordController',
  22 => 'App\\Controller\\RessourceController',
  23 => 'App\\Controller\\SecurityController',
  24 => 'App\\Controller\\StoreController',
  25 => 'App\\Controller\\UserController',
  26 => 'App\\Entity\\Abonnement',
  27 => 'App\\Entity\\Avis',
  28 => 'App\\Entity\\Categorie',
  29 => 'App\\Entity\\Commande',
  30 => 'App\\Entity\\Commentaire',
  31 => 'App\\Entity\\Cours',
  32 => 'App\\Entity\\Evaluation',
  33 => 'App\\Entity\\Evenement',
  34 => 'App\\Entity\\NotFutureDate',
  35 => 'App\\Entity\\NotFutureDateValidator',
  36 => 'App\\Entity\\Participation',
  37 => 'App\\Entity\\Product',
  38 => 'App\\Entity\\Produit',
  39 => 'App\\Entity\\Question',
  40 => 'App\\Entity\\QuestionEnfant',
  41 => 'App\\Entity\\Quiz',
  42 => 'App\\Entity\\Reclamation',
  43 => 'App\\Entity\\Reponse',
  44 => 'App\\Entity\\ResetPasswordRequest',
  45 => 'App\\Entity\\Ressource',
  46 => 'App\\Entity\\User',
  47 => 'App\\Entity\\questionFiras',
  48 => 'App\\Entity\\reponseFiras',
  49 => 'Doctrine\\Bundle\\DoctrineBundle\\Controller\\ProfilerController',
  50 => 'Doctrine\\ORM\\Cache\\Persister\\Entity\\AbstractEntityPersister',
  51 => 'Doctrine\\ORM\\Cache\\Persister\\Entity\\CachedEntityPersister',
  52 => 'Doctrine\\ORM\\Cache\\Persister\\Entity\\NonStrictReadWriteCachedEntityPersister',
  53 => 'Doctrine\\ORM\\Cache\\Persister\\Entity\\ReadOnlyCachedEntityPersister',
  54 => 'Doctrine\\ORM\\Cache\\Persister\\Entity\\ReadWriteCachedEntityPersister',
  55 => 'Doctrine\\ORM\\Persisters\\Entity\\AbstractEntityInheritancePersister',
  56 => 'Doctrine\\ORM\\Persisters\\Entity\\BasicEntityPersister',
  57 => 'Doctrine\\ORM\\Persisters\\Entity\\CachedPersisterContext',
  58 => 'Doctrine\\ORM\\Persisters\\Entity\\EntityPersister',
  59 => 'Doctrine\\ORM\\Persisters\\Entity\\JoinedSubclassPersister',
  60 => 'Doctrine\\ORM\\Persisters\\Entity\\SingleTablePersister',
  61 => 'SymfonyCasts\\Bundle\\ResetPassword\\Controller\\ResetPasswordControllerTrait',
  63 => 'Symfony\\Bundle\\FrameworkBundle\\Controller\\ControllerResolver',
  64 => 'Symfony\\Bundle\\FrameworkBundle\\Controller\\RedirectController',
  65 => 'Symfony\\Bundle\\FrameworkBundle\\Controller\\TemplateController',
  66 => 'Symfony\\Bundle\\WebProfilerBundle\\Controller\\ExceptionPanelController',
  67 => 'Symfony\\Bundle\\WebProfilerBundle\\Controller\\ProfilerController',
  68 => 'Symfony\\Bundle\\WebProfilerBundle\\Controller\\RouterController',
  69 => 'Symfony\\Component\\HttpKernel\\Controller\\ArgumentResolver',
  70 => 'Symfony\\Component\\HttpKernel\\Controller\\ArgumentResolverInterface',
  71 => 'Symfony\\Component\\HttpKernel\\Controller\\ArgumentResolver\\DefaultValueResolver',
  72 => 'Symfony\\Component\\HttpKernel\\Controller\\ArgumentResolver\\NotTaggedControllerValueResolver',
  73 => 'Symfony\\Component\\HttpKernel\\Controller\\ArgumentResolver\\RequestAttributeValueResolver',
  74 => 'Symfony\\Component\\HttpKernel\\Controller\\ArgumentResolver\\RequestValueResolver',
  75 => 'Symfony\\Component\\HttpKernel\\Controller\\ArgumentResolver\\ServiceValueResolver',
  76 => 'Symfony\\Component\\HttpKernel\\Controller\\ArgumentResolver\\SessionValueResolver',
  77 => 'Symfony\\Component\\HttpKernel\\Controller\\ArgumentResolver\\TraceableValueResolver',
  78 => 'Symfony\\Component\\HttpKernel\\Controller\\ArgumentResolver\\VariadicValueResolver',
  79 => 'Symfony\\Component\\HttpKernel\\Controller\\ArgumentValueResolverInterface',
  80 => 'Symfony\\Component\\HttpKernel\\Controller\\ContainerControllerResolver',
  81 => 'Symfony\\Component\\HttpKernel\\Controller\\ControllerReference',
  82 => 'Symfony\\Component\\HttpKernel\\Controller\\ControllerResolver',
  83 => 'Symfony\\Component\\HttpKernel\\Controller\\ControllerResolverInterface',
  84 => 'Symfony\\Component\\HttpKernel\\Controller\\ErrorController',
  85 => 'Symfony\\Component\\HttpKernel\\Controller\\TraceableArgumentResolver',
  86 => 'Symfony\\Component\\HttpKernel\\Controller\\TraceableControllerResolver',
  87 => 'Symfony\\Component\\Security\\Http\\Controller\\UserValueResolver',
);